// Jest Snapshot v1, https://goo.gl/fbAQLP

exports[`oneCache throws when cacheSelector provided 1`] = `"\\"cache\\" is not a permitted argument for OneCache, please use the ImmutableCache provided by fetchye-immutable-cache: https://github.com/americanexpress/fetchye#immutablecache"`;
