// Jest Snapshot v1, https://goo.gl/fbAQLP

exports[`FetchyeProvider should return a stable response from useFetchyeSelector that changes properly with a changed input 1`] = `
[MockFunction] {
  "calls": Array [
    Array [
      Object {
        "data": "val1",
        "error": undefined,
        "loading": false,
        "query": undefined,
      },
    ],
    Array [
      Object {
        "data": "val1",
        "error": undefined,
        "loading": false,
        "query": undefined,
      },
    ],
    Array [
      Object {
        "data": "val2",
        "error": undefined,
        "loading": false,
        "query": undefined,
      },
    ],
  ],
  "results": Array [
    Object {
      "type": "return",
      "value": undefined,
    },
    Object {
      "type": "return",
      "value": undefined,
    },
    Object {
      "type": "return",
      "value": undefined,
    },
  ],
}
`;
