// Jest Snapshot v1, https://goo.gl/fbAQLP

exports[`ssrFetcher forward all params to the default fetcher, and return the payload from the default fetcher with error: null 1`] = `
[MockFunction] {
  "calls": Array [
    Array [
      "paramMock1",
      "paramMock2",
      "paramMock3",
    ],
  ],
  "results": Array [
    Object {
      "type": "return",
      "value": Object {
        "error": "errorMock",
        "payload": "payloadMock",
      },
    },
  ],
}
`;
